[36mvite v8.0.0 [32mbuilding client environment for production...[36m[39m
[2K
transforming...??2194 modules transformed.
??[39m Build failed in 787ms
error during build:
Build failed with 1 error:

[builtin:vite-transform] Error: Unexpected token
     ??[0m?[ src/pages/ChildrenPage.jsx:822:314 ]
     ??[0m
 822 ??[0m                             <button onClick={() => setIsSidebarCollapsed(!isSidebarCollapsed)} className="p-3 bg-white border border-slate-200 rounded-lg shadow-sm hover:bg-slate-50 transition-all text-slate                       <div className="mt-8 bg-white border border-slate-200 rounded-2xl p-6 md:p-8 min-h-[400px] shadow-sm">
     ??[0m                                                                                                                                                                                                                                                                                                                          ?? 
     ??[0m                                                                                                                                                                                                                                                                                                                          ?겸?? 
???????[0m

    at aggregateBindingErrorsIntoJsError (file:///C:/Users/juna.DESKTOP-PPGTQQM/.antigravity/sc2/node_modules/rolldown/dist/shared/error-CP8smW_P.mjs:48:18)
    at unwrapBindingResult (file:///C:/Users/juna.DESKTOP-PPGTQQM/.antigravity/sc2/node_modules/rolldown/dist/shared/error-CP8smW_P.mjs:18:128)
    at #build (file:///C:/Users/juna.DESKTOP-PPGTQQM/.antigravity/sc2/node_modules/rolldown/dist/shared/rolldown-build-4YnQkA76.mjs:3311:34)
    at async buildEnvironment (file:///C:/Users/juna.DESKTOP-PPGTQQM/.antigravity/sc2/node_modules/vite/dist/node/chunks/node.js:32794:64)
    at async Object.build (file:///C:/Users/juna.DESKTOP-PPGTQQM/.antigravity/sc2/node_modules/vite/dist/node/chunks/node.js:33216:19)
    at async Object.buildApp (file:///C:/Users/juna.DESKTOP-PPGTQQM/.antigravity/sc2/node_modules/vite/dist/node/chunks/node.js:33213:153)
    at async CAC.<anonymous> (file:///C:/Users/juna.DESKTOP-PPGTQQM/.antigravity/sc2/node_modules/vite/dist/node/cli.js:778:3) {
  errors: [Getter/Setter]
}
